// Jest Snapshot v1, https://goo.gl/fbAQLP

exports[`phpDoc snapshot of phpDocs 1`] = `
PhpDocument {
  "classConstants": Array [
    ClassConstant {
      "constant": Constant {
        "name": TypeName {
          "name": "",
        },
        "type": TypeName {
          "name": "int",
        },
        "value": "50",
      },
      "location": Object {
        "range": Object {
          "end": 59,
          "start": 48,
        },
        "uri": "case/class_constants.php",
      },
      "name": TypeName {
        "name": "CONST1",
      },
      "scope": TypeName {
        "name": "\\\\ClassWithConst",
      },
    },
    ClassConstant {
      "constant": Constant {
        "name": TypeName {
          "name": "",
        },
        "type": TypeName {
          "name": "float",
        },
        "value": "3.14",
      },
      "location": Object {
        "range": Object {
          "end": 80,
          "start": 71,
        },
        "uri": "case/class_constants.php",
      },
      "name": TypeName {
        "name": "PI",
      },
      "scope": TypeName {
        "name": "\\\\ClassWithConst",
      },
    },
    ClassConstant {
      "constant": Constant {
        "name": TypeName {
          "name": "",
        },
        "type": TypeName {
          "name": "string",
        },
        "value": "'active'",
      },
      "location": Object {
        "range": Object {
          "end": 116,
          "start": 92,
        },
        "uri": "case/class_constants.php",
      },
      "name": TypeName {
        "name": "STATUS_ACTIVE",
      },
      "scope": TypeName {
        "name": "\\\\ClassWithConst",
      },
    },
    ClassConstant {
      "constant": Constant {
        "name": TypeName {
          "name": "",
        },
        "type": TypeName {
          "name": "string",
        },
        "value": "'inactive'",
      },
      "location": Object {
        "range": Object {
          "end": 156,
          "start": 128,
        },
        "uri": "case/class_constants.php",
      },
      "name": TypeName {
        "name": "STATUS_INACTIVE",
      },
      "scope": TypeName {
        "name": "\\\\ClassWithConst",
      },
    },
    ClassConstant {
      "constant": Constant {
        "name": TypeName {
          "name": "",
        },
        "type": TypeName {
          "name": "boolean",
        },
        "value": "true",
      },
      "location": Object {
        "range": Object {
          "end": 184,
          "start": 168,
        },
        "uri": "case/class_constants.php",
      },
      "name": TypeName {
        "name": "IS_ACTIVE",
      },
      "scope": TypeName {
        "name": "\\\\ClassWithConst",
      },
    },
  ],
  "classes": Array [
    Class {
      "extend": null,
      "implements": Array [],
      "location": Object {
        "range": Object {
          "end": 187,
          "start": 6,
        },
        "uri": "case/class_constants.php",
      },
      "modifier": SymbolModifier {
        "modifier": 16,
        "visibility": 0,
      },
      "name": TypeName {
        "name": "\\\\ClassWithConst",
      },
      "traits": Array [],
    },
  ],
  "constants": Array [],
  "functions": Array [],
  "importTable": ImportTable {
    "imports": Object {},
    "namespace": NamespaceName {
      "parts": Array [],
    },
  },
  "methods": Array [],
  "modifiedTime": -1,
  "properties": Array [],
  "references": Array [
    ConstantAccess {
      "location": Object {
        "range": Object {
          "end": 184,
          "start": 180,
        },
        "uri": "case/class_constants.php",
      },
      "refKind": 6,
      "scope": null,
      "type": TypeName {
        "name": "boolean",
      },
      "value": "true",
    },
  ],
  "scopeVarStack": Array [
    ScopeVar {
      "location": Object {
        "range": Object {
          "end": 187,
          "start": 0,
        },
        "uri": "case/class_constants.php",
      },
      "variables": Object {},
    },
  ],
  "text": "<?php
abstract class ClassWithConst {
    const CONST1 = 50;
    const PI = 3.14;
    const STATUS_ACTIVE = 'active';
    const STATUS_INACTIVE = 'inactive';
    const IS_ACTIVE = true;
}",
  "uri": "case/class_constants.php",
}
`;

exports[`phpDoc snapshot of phpDocs 2`] = `
PhpDocument {
  "classConstants": Array [
    ClassConstant {
      "constant": Constant {
        "name": TypeName {
          "name": "",
        },
        "type": TypeName {
          "name": "int",
        },
        "value": "1",
      },
      "location": Object {
        "range": Object {
          "end": 51,
          "start": 41,
        },
        "uri": "case/class_methods.php",
      },
      "name": TypeName {
        "name": "CONST1",
      },
      "scope": TypeName {
        "name": "\\\\ClassWithMethod",
      },
    },
  ],
  "classes": Array [
    Class {
      "extend": null,
      "implements": Array [],
      "location": Object {
        "range": Object {
          "end": 1433,
          "start": 7,
        },
        "uri": "case/class_methods.php",
      },
      "modifier": SymbolModifier {
        "modifier": 0,
        "visibility": 0,
      },
      "name": TypeName {
        "name": "\\\\ClassWithMethod",
      },
      "traits": Array [],
    },
  ],
  "constants": Array [],
  "functions": Array [],
  "importTable": ImportTable {
    "imports": Object {},
    "namespace": NamespaceName {
      "parts": Array [],
    },
  },
  "methods": Array [
    Method {
      "description": "",
      "func": Function {
        "description": "",
        "name": undefined,
        "parameters": Array [
          Parameter {
            "description": "",
            "expression": Expression {
              "currentSymbol": ConstantAccess {
                "location": Object {
                  "range": Object {
                    "end": 664,
                    "start": 660,
                  },
                  "uri": "case/class_methods.php",
                },
                "refKind": 6,
                "scope": null,
                "type": TypeName {
                  "name": "null",
                },
                "value": "null",
              },
            },
            "location": Object {
              "range": Object {
                "end": 664,
                "start": 648,
              },
              "uri": "case/class_methods.php",
            },
            "name": "$optional",
            "refKind": 3,
            "scope": null,
            "type": TypeComposite {
              "_types": Array [
                TypeName {
                  "name": "null",
                },
              ],
              "existingTypes": Object {
                "null": true,
              },
            },
            "value": "",
          },
        ],
        "scopeVar": ScopeVar {
          "location": Object {},
          "variables": Object {
            "$optional": TypeComposite {
              "_types": Array [
                TypeName {
                  "name": "null",
                },
              ],
              "existingTypes": Object {
                "null": true,
              },
            },
          },
        },
        "types": Array [],
      },
      "location": Object {
        "range": Object {
          "end": 674,
          "start": 627,
        },
        "uri": "case/class_methods.php",
      },
      "modifier": SymbolModifier {
        "modifier": 0,
        "visibility": 0,
      },
      "name": TypeName {
        "name": "__construct",
      },
      "scope": TypeName {
        "name": "\\\\ClassWithMethod",
      },
    },
    Method {
      "description": "",
      "func": Function {
        "description": "",
        "name": undefined,
        "parameters": Array [],
        "scopeVar": ScopeVar {
          "location": Object {},
          "variables": Object {},
        },
        "types": Array [
          TypeName {
            "name": "boolean",
          },
        ],
      },
      "location": Object {
        "range": Object {
          "end": 734,
          "start": 680,
        },
        "uri": "case/class_methods.php",
      },
      "modifier": SymbolModifier {
        "modifier": 0,
        "visibility": 1,
      },
      "name": TypeName {
        "name": "method1",
      },
      "scope": TypeName {
        "name": "\\\\ClassWithMethod",
      },
    },
    Method {
      "description": "",
      "func": Function {
        "description": "",
        "name": undefined,
        "parameters": Array [],
        "scopeVar": ScopeVar {
          "location": Object {},
          "variables": Object {},
        },
        "types": Array [],
      },
      "location": Object {
        "range": Object {
          "end": 840,
          "start": 740,
        },
        "uri": "case/class_methods.php",
      },
      "modifier": SymbolModifier {
        "modifier": 0,
        "visibility": 1,
      },
      "name": TypeName {
        "name": "method2",
      },
      "scope": TypeName {
        "name": "\\\\ClassWithMethod",
      },
    },
    Method {
      "description": "",
      "func": Function {
        "description": "",
        "name": undefined,
        "parameters": Array [],
        "scopeVar": ScopeVar {
          "location": Object {},
          "variables": Object {},
        },
        "types": Array [
          TypeName {
            "name": "int",
          },
        ],
      },
      "location": Object {
        "range": Object {
          "end": 897,
          "start": 846,
        },
        "uri": "case/class_methods.php",
      },
      "modifier": SymbolModifier {
        "modifier": 0,
        "visibility": 1,
      },
      "name": TypeName {
        "name": "method3",
      },
      "scope": TypeName {
        "name": "\\\\ClassWithMethod",
      },
    },
    Method {
      "description": "",
      "func": Function {
        "description": "",
        "name": undefined,
        "parameters": Array [],
        "scopeVar": ScopeVar {
          "location": Object {},
          "variables": Object {},
        },
        "types": Array [
          TypeName {
            "name": "float",
          },
        ],
      },
      "location": Object {
        "range": Object {
          "end": 957,
          "start": 903,
        },
        "uri": "case/class_methods.php",
      },
      "modifier": SymbolModifier {
        "modifier": 0,
        "visibility": 1,
      },
      "name": TypeName {
        "name": "method4",
      },
      "scope": TypeName {
        "name": "\\\\ClassWithMethod",
      },
    },
    Method {
      "description": "",
      "func": Function {
        "description": "",
        "name": undefined,
        "parameters": Array [
          Parameter {
            "description": "",
            "location": Object {
              "range": Object {
                "end": 1010,
                "start": 999,
              },
              "uri": "case/class_methods.php",
            },
            "name": "$firstParam",
            "refKind": 3,
            "scope": null,
            "type": TypeComposite {
              "_types": Array [],
              "existingTypes": Object {},
            },
            "value": "",
          },
        ],
        "scopeVar": ScopeVar {
          "location": Object {},
          "variables": Object {
            "$firstParam": TypeComposite {
              "_types": Array [],
              "existingTypes": Object {},
            },
          },
        },
        "types": Array [],
      },
      "location": Object {
        "range": Object {
          "end": 1020,
          "start": 963,
        },
        "uri": "case/class_methods.php",
      },
      "modifier": SymbolModifier {
        "modifier": 0,
        "visibility": 2,
      },
      "name": TypeName {
        "name": "protectedMethod1",
      },
      "scope": TypeName {
        "name": "\\\\ClassWithMethod",
      },
    },
    Method {
      "description": "",
      "func": Function {
        "description": "",
        "name": undefined,
        "parameters": Array [
          Parameter {
            "description": "",
            "location": Object {
              "range": Object {
                "end": 1064,
                "start": 1058,
              },
              "uri": "case/class_methods.php",
            },
            "name": "$first",
            "refKind": 3,
            "scope": null,
            "type": TypeComposite {
              "_types": Array [],
              "existingTypes": Object {},
            },
            "value": "",
          },
          Parameter {
            "description": "",
            "location": Object {
              "range": Object {
                "end": 1073,
                "start": 1066,
              },
              "uri": "case/class_methods.php",
            },
            "name": "$second",
            "refKind": 3,
            "scope": null,
            "type": TypeComposite {
              "_types": Array [],
              "existingTypes": Object {},
            },
            "value": "",
          },
          Parameter {
            "description": "",
            "expression": Expression {
              "currentSymbol": ConstantAccess {
                "location": Object {
                  "range": Object {
                    "end": 1092,
                    "start": 1088,
                  },
                  "uri": "case/class_methods.php",
                },
                "refKind": 6,
                "scope": null,
                "type": TypeName {
                  "name": "null",
                },
                "value": "null",
              },
            },
            "location": Object {
              "range": Object {
                "end": 1092,
                "start": 1075,
              },
              "uri": "case/class_methods.php",
            },
            "name": "$optional1",
            "refKind": 3,
            "scope": null,
            "type": TypeComposite {
              "_types": Array [
                TypeName {
                  "name": "null",
                },
              ],
              "existingTypes": Object {
                "null": true,
              },
            },
            "value": "",
          },
          Parameter {
            "description": "",
            "expression": Expression {},
            "location": Object {
              "range": Object {
                "end": 1109,
                "start": 1094,
              },
              "uri": "case/class_methods.php",
            },
            "name": "$optional2",
            "refKind": 3,
            "scope": null,
            "type": TypeComposite {
              "_types": Array [],
              "existingTypes": Object {},
            },
            "value": "",
          },
        ],
        "scopeVar": ScopeVar {
          "location": Object {},
          "variables": Object {
            "$first": TypeComposite {
              "_types": Array [],
              "existingTypes": Object {},
            },
            "$optional1": TypeComposite {
              "_types": Array [
                TypeName {
                  "name": "null",
                },
              ],
              "existingTypes": Object {
                "null": true,
              },
            },
            "$optional2": TypeComposite {
              "_types": Array [],
              "existingTypes": Object {},
            },
            "$second": TypeComposite {
              "_types": Array [],
              "existingTypes": Object {},
            },
          },
        },
        "types": Array [
          TypeName {
            "name": "null",
          },
        ],
      },
      "location": Object {
        "range": Object {
          "end": 1139,
          "start": 1026,
        },
        "uri": "case/class_methods.php",
      },
      "modifier": SymbolModifier {
        "modifier": 0,
        "visibility": 4,
      },
      "name": TypeName {
        "name": "privateMethod1",
      },
      "scope": TypeName {
        "name": "\\\\ClassWithMethod",
      },
    },
    Method {
      "description": "",
      "func": Function {
        "description": "",
        "name": undefined,
        "parameters": Array [
          Parameter {
            "description": "",
            "location": Object {
              "range": Object {
                "end": 1188,
                "start": 1181,
              },
              "uri": "case/class_methods.php",
            },
            "name": "$param1",
            "refKind": 3,
            "scope": null,
            "type": TypeComposite {
              "_types": Array [],
              "existingTypes": Object {},
            },
            "value": "",
          },
          Parameter {
            "description": "",
            "location": Object {
              "range": Object {
                "end": 1197,
                "start": 1190,
              },
              "uri": "case/class_methods.php",
            },
            "name": "$param2",
            "refKind": 3,
            "scope": null,
            "type": TypeComposite {
              "_types": Array [],
              "existingTypes": Object {},
            },
            "value": "",
          },
        ],
        "scopeVar": ScopeVar {
          "location": Object {},
          "variables": Object {
            "$param1": TypeComposite {
              "_types": Array [],
              "existingTypes": Object {},
            },
            "$param2": TypeComposite {
              "_types": Array [],
              "existingTypes": Object {},
            },
          },
        },
        "types": Array [
          TypeName {
            "name": "boolean",
          },
        ],
      },
      "location": Object {
        "range": Object {
          "end": 1227,
          "start": 1145,
        },
        "uri": "case/class_methods.php",
      },
      "modifier": SymbolModifier {
        "modifier": 32,
        "visibility": 1,
      },
      "name": TypeName {
        "name": "staticMethod",
      },
      "scope": TypeName {
        "name": "\\\\ClassWithMethod",
      },
    },
    Method {
      "description": "",
      "func": Function {
        "description": "",
        "name": undefined,
        "parameters": Array [
          Parameter {
            "description": "",
            "location": Object {
              "range": Object {
                "end": 1270,
                "start": 1263,
              },
              "uri": "case/class_methods.php",
            },
            "name": "$param1",
            "refKind": 3,
            "scope": null,
            "type": TypeComposite {
              "_types": Array [],
              "existingTypes": Object {},
            },
            "value": "",
          },
          Parameter {
            "description": "",
            "location": Object {
              "range": Object {
                "end": 1279,
                "start": 1272,
              },
              "uri": "case/class_methods.php",
            },
            "name": "$param2",
            "refKind": 3,
            "scope": null,
            "type": TypeComposite {
              "_types": Array [],
              "existingTypes": Object {},
            },
            "value": "",
          },
        ],
        "scopeVar": ScopeVar {
          "location": Object {},
          "variables": Object {
            "$param1": TypeComposite {
              "_types": Array [],
              "existingTypes": Object {},
            },
            "$param2": TypeComposite {
              "_types": Array [],
              "existingTypes": Object {},
            },
          },
        },
        "types": Array [
          TypeName {
            "name": "",
          },
          TypeName {
            "name": "boolean",
          },
        ],
      },
      "location": Object {
        "range": Object {
          "end": 1431,
          "start": 1233,
        },
        "uri": "case/class_methods.php",
      },
      "modifier": SymbolModifier {
        "modifier": 0,
        "visibility": 1,
      },
      "name": TypeName {
        "name": "publicMethod1",
      },
      "scope": TypeName {
        "name": "\\\\ClassWithMethod",
      },
    },
  ],
  "modifiedTime": -1,
  "properties": Array [
    Property {
      "_variable": Variable {
        "expression": Expression {},
        "location": Object {},
        "name": "",
        "refKind": 2,
        "scope": null,
        "scopeRange": undefined,
        "type": TypeComposite {
          "_types": Array [
            TypeName {
              "name": "boolean",
            },
          ],
          "existingTypes": Object {
            "boolean": true,
          },
        },
      },
      "description": "",
      "location": Object {
        "range": Object {
          "end": 95,
          "start": 72,
        },
        "uri": "case/class_methods.php",
      },
      "modifier": SymbolModifier {
        "modifier": 32,
        "visibility": 1,
      },
      "name": "$staticVariable",
      "scope": TypeName {
        "name": "\\\\ClassWithMethod",
      },
    },
    Property {
      "_variable": Variable {
        "expression": Expression {},
        "location": Object {},
        "name": "",
        "refKind": 2,
        "scope": null,
        "scopeRange": undefined,
        "type": TypeComposite {
          "_types": Array [
            TypeName {
              "name": "boolean",
            },
          ],
          "existingTypes": Object {
            "boolean": true,
          },
        },
      },
      "description": "",
      "location": Object {
        "range": Object {
          "end": 127,
          "start": 109,
        },
        "uri": "case/class_methods.php",
      },
      "modifier": SymbolModifier {
        "modifier": 0,
        "visibility": 1,
      },
      "name": "$property1",
      "scope": TypeName {
        "name": "\\\\ClassWithMethod",
      },
    },
    Property {
      "_variable": Variable {
        "expression": Expression {},
        "location": Object {},
        "name": "",
        "refKind": 2,
        "scope": null,
        "scopeRange": undefined,
        "type": TypeComposite {
          "_types": Array [],
          "existingTypes": Object {},
        },
      },
      "description": "",
      "location": Object {
        "range": Object {
          "end": 150,
          "start": 140,
        },
        "uri": "case/class_methods.php",
      },
      "modifier": SymbolModifier {
        "modifier": 0,
        "visibility": 1,
      },
      "name": "$property2",
      "scope": TypeName {
        "name": "\\\\ClassWithMethod",
      },
    },
    Property {
      "_variable": Variable {
        "expression": Expression {},
        "location": Object {},
        "name": "",
        "refKind": 2,
        "scope": null,
        "scopeRange": undefined,
        "type": TypeComposite {
          "_types": Array [],
          "existingTypes": Object {},
        },
      },
      "description": "Defines protected properties
",
      "location": Object {
        "range": Object {
          "end": 393,
          "start": 382,
        },
        "uri": "case/class_methods.php",
      },
      "modifier": SymbolModifier {
        "modifier": 0,
        "visibility": 2,
      },
      "name": "$protected1",
      "scope": TypeName {
        "name": "\\\\ClassWithMethod",
      },
    },
    Property {
      "_variable": Variable {
        "expression": Expression {},
        "location": Object {},
        "name": "",
        "refKind": 2,
        "scope": null,
        "scopeRange": undefined,
        "type": TypeComposite {
          "_types": Array [],
          "existingTypes": Object {},
        },
      },
      "description": "Defines protected properties
",
      "location": Object {
        "range": Object {
          "end": 406,
          "start": 395,
        },
        "uri": "case/class_methods.php",
      },
      "modifier": SymbolModifier {
        "modifier": 0,
        "visibility": 2,
      },
      "name": "$protected2",
      "scope": TypeName {
        "name": "\\\\ClassWithMethod",
      },
    },
    Property {
      "_variable": Variable {
        "expression": Expression {},
        "location": Object {},
        "name": "",
        "refKind": 2,
        "scope": null,
        "scopeRange": undefined,
        "type": TypeComposite {
          "_types": Array [],
          "existingTypes": Object {},
        },
      },
      "description": "Defines protected properties
",
      "location": Object {
        "range": Object {
          "end": 419,
          "start": 408,
        },
        "uri": "case/class_methods.php",
      },
      "modifier": SymbolModifier {
        "modifier": 0,
        "visibility": 2,
      },
      "name": "$protected3",
      "scope": TypeName {
        "name": "\\\\ClassWithMethod",
      },
    },
    Property {
      "_variable": Variable {
        "expression": Expression {},
        "location": Object {},
        "name": "",
        "refKind": 2,
        "scope": null,
        "scopeRange": undefined,
        "type": TypeComposite {
          "_types": Array [],
          "existingTypes": Object {},
        },
      },
      "description": "",
      "location": Object {
        "range": Object {
          "end": 455,
          "start": 436,
        },
        "uri": "case/class_methods.php",
      },
      "modifier": SymbolModifier {
        "modifier": 0,
        "visibility": 2,
      },
      "name": "$protectedProperty1",
      "scope": TypeName {
        "name": "\\\\ClassWithMethod",
      },
    },
    Property {
      "_variable": Variable {
        "expression": Expression {},
        "location": Object {},
        "name": "",
        "refKind": 2,
        "scope": null,
        "scopeRange": undefined,
        "type": TypeComposite {
          "_types": Array [
            TypeName {
              "name": "ClassWithMethod",
            },
          ],
          "existingTypes": Object {
            "ClassWithMethod": true,
          },
        },
      },
      "description": "A private proterty which is only used by this class
",
      "location": Object {
        "range": Object {
          "end": 620,
          "start": 603,
        },
        "uri": "case/class_methods.php",
      },
      "modifier": SymbolModifier {
        "modifier": 0,
        "visibility": 4,
      },
      "name": "$privateProperty1",
      "scope": TypeName {
        "name": "\\\\ClassWithMethod",
      },
    },
  ],
  "references": Array [
    ConstantAccess {
      "location": Object {
        "range": Object {
          "end": 95,
          "start": 90,
        },
        "uri": "case/class_methods.php",
      },
      "refKind": 6,
      "scope": null,
      "type": TypeName {
        "name": "boolean",
      },
      "value": "false",
    },
    ConstantAccess {
      "location": Object {
        "range": Object {
          "end": 127,
          "start": 122,
        },
        "uri": "case/class_methods.php",
      },
      "refKind": 6,
      "scope": null,
      "type": TypeName {
        "name": "boolean",
      },
      "value": "false",
    },
    Parameter {
      "description": "",
      "expression": Expression {
        "currentSymbol": ConstantAccess {
          "location": Object {
            "range": Object {
              "end": 664,
              "start": 660,
            },
            "uri": "case/class_methods.php",
          },
          "refKind": 6,
          "scope": null,
          "type": TypeName {
            "name": "null",
          },
          "value": "null",
        },
      },
      "location": Object {
        "range": Object {
          "end": 664,
          "start": 648,
        },
        "uri": "case/class_methods.php",
      },
      "name": "$optional",
      "refKind": 3,
      "scope": null,
      "type": TypeComposite {
        "_types": Array [
          TypeName {
            "name": "null",
          },
        ],
        "existingTypes": Object {
          "null": true,
        },
      },
      "value": "",
    },
    ConstantAccess {
      "location": Object {
        "range": Object {
          "end": 664,
          "start": 660,
        },
        "uri": "case/class_methods.php",
      },
      "refKind": 6,
      "scope": null,
      "type": TypeName {
        "name": "null",
      },
      "value": "null",
    },
    ConstantAccess {
      "location": Object {
        "range": Object {
          "end": 727,
          "start": 723,
        },
        "uri": "case/class_methods.php",
      },
      "refKind": 6,
      "scope": null,
      "type": TypeName {
        "name": "boolean",
      },
      "value": "true",
    },
    Parameter {
      "description": "",
      "location": Object {
        "range": Object {
          "end": 1010,
          "start": 999,
        },
        "uri": "case/class_methods.php",
      },
      "name": "$firstParam",
      "refKind": 3,
      "scope": null,
      "type": TypeComposite {
        "_types": Array [],
        "existingTypes": Object {},
      },
      "value": "",
    },
    Parameter {
      "description": "",
      "location": Object {
        "range": Object {
          "end": 1064,
          "start": 1058,
        },
        "uri": "case/class_methods.php",
      },
      "name": "$first",
      "refKind": 3,
      "scope": null,
      "type": TypeComposite {
        "_types": Array [],
        "existingTypes": Object {},
      },
      "value": "",
    },
    Parameter {
      "description": "",
      "location": Object {
        "range": Object {
          "end": 1073,
          "start": 1066,
        },
        "uri": "case/class_methods.php",
      },
      "name": "$second",
      "refKind": 3,
      "scope": null,
      "type": TypeComposite {
        "_types": Array [],
        "existingTypes": Object {},
      },
      "value": "",
    },
    Parameter {
      "description": "",
      "expression": Expression {
        "currentSymbol": ConstantAccess {
          "location": Object {
            "range": Object {
              "end": 1092,
              "start": 1088,
            },
            "uri": "case/class_methods.php",
          },
          "refKind": 6,
          "scope": null,
          "type": TypeName {
            "name": "null",
          },
          "value": "null",
        },
      },
      "location": Object {
        "range": Object {
          "end": 1092,
          "start": 1075,
        },
        "uri": "case/class_methods.php",
      },
      "name": "$optional1",
      "refKind": 3,
      "scope": null,
      "type": TypeComposite {
        "_types": Array [
          TypeName {
            "name": "null",
          },
        ],
        "existingTypes": Object {
          "null": true,
        },
      },
      "value": "",
    },
    ConstantAccess {
      "location": Object {
        "range": Object {
          "end": 1092,
          "start": 1088,
        },
        "uri": "case/class_methods.php",
      },
      "refKind": 6,
      "scope": null,
      "type": TypeName {
        "name": "null",
      },
      "value": "null",
    },
    Parameter {
      "description": "",
      "expression": Expression {},
      "location": Object {
        "range": Object {
          "end": 1109,
          "start": 1094,
        },
        "uri": "case/class_methods.php",
      },
      "name": "$optional2",
      "refKind": 3,
      "scope": null,
      "type": TypeComposite {
        "_types": Array [],
        "existingTypes": Object {},
      },
      "value": "",
    },
    ConstantAccess {
      "location": Object {
        "range": Object {
          "end": 1132,
          "start": 1128,
        },
        "uri": "case/class_methods.php",
      },
      "refKind": 6,
      "scope": null,
      "type": TypeName {
        "name": "null",
      },
      "value": "null",
    },
    Parameter {
      "description": "",
      "location": Object {
        "range": Object {
          "end": 1188,
          "start": 1181,
        },
        "uri": "case/class_methods.php",
      },
      "name": "$param1",
      "refKind": 3,
      "scope": null,
      "type": TypeComposite {
        "_types": Array [],
        "existingTypes": Object {},
      },
      "value": "",
    },
    Parameter {
      "description": "",
      "location": Object {
        "range": Object {
          "end": 1197,
          "start": 1190,
        },
        "uri": "case/class_methods.php",
      },
      "name": "$param2",
      "refKind": 3,
      "scope": null,
      "type": TypeComposite {
        "_types": Array [],
        "existingTypes": Object {},
      },
      "value": "",
    },
    ConstantAccess {
      "location": Object {
        "range": Object {
          "end": 1220,
          "start": 1216,
        },
        "uri": "case/class_methods.php",
      },
      "refKind": 6,
      "scope": null,
      "type": TypeName {
        "name": "boolean",
      },
      "value": "true",
    },
    Parameter {
      "description": "",
      "location": Object {
        "range": Object {
          "end": 1270,
          "start": 1263,
        },
        "uri": "case/class_methods.php",
      },
      "name": "$param1",
      "refKind": 3,
      "scope": null,
      "type": TypeComposite {
        "_types": Array [],
        "existingTypes": Object {},
      },
      "value": "",
    },
    Parameter {
      "description": "",
      "location": Object {
        "range": Object {
          "end": 1279,
          "start": 1272,
        },
        "uri": "case/class_methods.php",
      },
      "name": "$param2",
      "refKind": 3,
      "scope": null,
      "type": TypeComposite {
        "_types": Array [],
        "existingTypes": Object {},
      },
      "value": "",
    },
    PropRefExpression {
      "classRef": ClassRef {
        "location": Object {
          "range": Object {
            "end": 1299,
            "start": 1295,
          },
          "uri": "case/class_methods.php",
        },
        "refKind": 9,
        "scope": TypeName {
          "name": "\\\\ClassWithMethod",
        },
        "type": TypeName {
          "name": "\\\\ClassWithMethod",
        },
      },
      "hasColonColon": true,
      "isParentIncluded": true,
      "location": Object {
        "range": Object {
          "end": 1316,
          "start": 1295,
        },
        "uri": "case/class_methods.php",
      },
      "propRef": PropertyRef {
        "hasWhitespace": false,
        "location": Object {
          "range": Object {
            "end": 1316,
            "start": 1301,
          },
          "uri": "case/class_methods.php",
        },
        "refKind": 11,
        "scope": TypeName {
          "name": "\\\\ClassWithMethod",
        },
        "type": TypeName {
          "name": "$staticVariable",
        },
      },
      "scope": TypeName {
        "name": "\\\\ClassWithMethod",
      },
      "type": TypeName {
        "name": "$staticVariable",
      },
    },
    ClassRef {
      "location": Object {
        "range": Object {
          "end": 1299,
          "start": 1295,
        },
        "uri": "case/class_methods.php",
      },
      "refKind": 9,
      "scope": TypeName {
        "name": "\\\\ClassWithMethod",
      },
      "type": TypeName {
        "name": "\\\\ClassWithMethod",
      },
    },
    ClassConstRefExpression {
      "classConstRef": ClassConstRef {
        "hasWhitespace": false,
        "location": Object {
          "range": Object {
            "end": 1332,
            "start": 1326,
          },
          "uri": "case/class_methods.php",
        },
        "refKind": 12,
        "scope": TypeName {
          "name": "\\\\ClassWithMethod",
        },
        "type": TypeName {
          "name": "CONST1",
        },
      },
      "classRef": ClassRef {
        "location": Object {
          "range": Object {
            "end": 1324,
            "start": 1320,
          },
          "uri": "case/class_methods.php",
        },
        "refKind": 9,
        "scope": TypeName {
          "name": "\\\\ClassWithMethod",
        },
        "type": TypeName {
          "name": "\\\\ClassWithMethod",
        },
      },
      "hasColonColon": true,
      "isParentIncluded": true,
      "location": Object {
        "range": Object {
          "end": 1332,
          "start": 1320,
        },
        "uri": "case/class_methods.php",
      },
      "refKind": 12,
      "scope": TypeName {
        "name": "\\\\ClassWithMethod",
      },
      "type": TypeName {
        "name": "CONST1",
      },
    },
    ClassRef {
      "location": Object {
        "range": Object {
          "end": 1324,
          "start": 1320,
        },
        "uri": "case/class_methods.php",
      },
      "refKind": 9,
      "scope": TypeName {
        "name": "\\\\ClassWithMethod",
      },
      "type": TypeName {
        "name": "\\\\ClassWithMethod",
      },
    },
    ClassRef {
      "location": Object {
        "range": Object {
          "end": 1359,
          "start": 1355,
        },
        "uri": "case/class_methods.php",
      },
      "refKind": 9,
      "scope": TypeName {
        "name": "\\\\ClassWithMethod",
      },
      "type": TypeName {
        "name": "\\\\ClassWithMethod",
      },
    },
    MethodCall {
      "funcCall": FunctionCall {
        "argumentList": ArgumentExpressionList {
          "arguments": Array [
            SimpleVariable {
              "name": "$param1",
              "type": TypeComposite {
                "_types": Array [],
                "existingTypes": Object {},
              },
            },
            SimpleVariable {
              "name": "$param2",
              "type": TypeComposite {
                "_types": Array [],
                "existingTypes": Object {},
              },
            },
          ],
          "location": Object {
            "range": Object {
              "end": 1390,
              "start": 1374,
            },
            "uri": "",
          },
        },
        "location": Object {},
        "realSymbol": undefined,
        "refKind": 1,
        "scope": null,
        "type": TypeName {
          "name": "",
        },
      },
      "location": Object {
        "range": Object {
          "end": 1373,
          "start": 1361,
        },
        "uri": "case/class_methods.php",
      },
      "refKind": 10,
      "scope": TypeName {
        "name": "\\\\ClassWithMethod",
      },
      "type": TypeName {
        "name": "staticMethod",
      },
    },
    ArgumentExpressionList {
      "arguments": Array [
        SimpleVariable {
          "name": "$param1",
          "type": TypeComposite {
            "_types": Array [],
            "existingTypes": Object {},
          },
        },
        SimpleVariable {
          "name": "$param2",
          "type": TypeComposite {
            "_types": Array [],
            "existingTypes": Object {},
          },
        },
      ],
      "location": Object {
        "range": Object {
          "end": 1390,
          "start": 1374,
        },
        "uri": "case/class_methods.php",
      },
    },
    SimpleVariable {
      "name": "$param1",
      "type": TypeComposite {
        "_types": Array [],
        "existingTypes": Object {},
      },
    },
    SimpleVariable {
      "name": "$param2",
      "type": TypeComposite {
        "_types": Array [],
        "existingTypes": Object {},
      },
    },
    ConstantAccess {
      "location": Object {
        "range": Object {
          "end": 1424,
          "start": 1419,
        },
        "uri": "case/class_methods.php",
      },
      "refKind": 6,
      "scope": null,
      "type": TypeName {
        "name": "boolean",
      },
      "value": "false",
    },
  ],
  "scopeVarStack": Array [
    ScopeVar {
      "location": Object {
        "range": Object {
          "end": 1433,
          "start": 0,
        },
        "uri": "case/class_methods.php",
      },
      "variables": Object {},
    },
  ],
  "text": "<?php

class ClassWithMethod
{
    const CONST1 = 1;

    public static $staticVariable = false;

    public $property1 = false;
    public $property2;

    /**
     * Defines protected properties
     * 
     * @var boolean $protected1 Description of boolean
     * @var string $protected2 Description of string
     * @var int $protected3 Description of int
     */
    protected $protected1, $protected2, $protected3;

    protected $protectedProperty1;

    /**
     * A private proterty which is only used by this class
     * 
     * @var ClassWithMethod This is a description
     */
    private $privateProperty1;

    function __construct($optional = null) {

    }

    public function method1() {
        return true;
    }

    public function method2() {
        return [
            'abc1',
            'abc2'
        ];
    }

    public function method3() {
        return 5;
    }

    public function method4() {
        return 3.14;
    }

    protected function protectedMethod1($firstParam) {

    }

    private function privateMethod1($first, $second, $optional1 = null, $optional2 = '') {
        return null;
    }

    public static function staticMethod($param1, $param2) {
        return true;
    }

    public function publicMethod1($param1, $param2) {
        if (self::$staticVariable && self::CONST1) {
            return self::staticMethod($param1, $param2);
        }

        return false;
    }
}",
  "uri": "case/class_methods.php",
}
`;

exports[`phpDoc snapshot of phpDocs 3`] = `
PhpDocument {
  "classConstants": Array [],
  "classes": Array [],
  "constants": Array [],
  "functions": Array [
    Function {
      "description": "",
      "name": TypeName {
        "name": "\\\\test_function1",
      },
      "parameters": Array [
        Parameter {
          "description": "",
          "location": Object {
            "range": Object {
              "end": 50,
              "start": 31,
            },
            "uri": "case/function_declare.php",
          },
          "name": "$stringParam",
          "refKind": 3,
          "scope": null,
          "type": TypeComposite {
            "_types": Array [
              TypeName {
                "name": "string",
              },
            ],
            "existingTypes": Object {
              "string": true,
            },
          },
          "value": "",
        },
        Parameter {
          "description": "",
          "location": Object {
            "range": Object {
              "end": 65,
              "start": 52,
            },
            "uri": "case/function_declare.php",
          },
          "name": "$intParam",
          "refKind": 3,
          "scope": null,
          "type": TypeComposite {
            "_types": Array [
              TypeName {
                "name": "int",
              },
            ],
            "existingTypes": Object {
              "int": true,
            },
          },
          "value": "",
        },
        Parameter {
          "description": "",
          "location": Object {
            "range": Object {
              "end": 82,
              "start": 67,
            },
            "uri": "case/function_declare.php",
          },
          "name": "$boolParam",
          "refKind": 3,
          "scope": null,
          "type": TypeComposite {
            "_types": Array [
              TypeName {
                "name": "boolean",
              },
            ],
            "existingTypes": Object {
              "boolean": true,
            },
          },
          "value": "",
        },
        Parameter {
          "description": "",
          "location": Object {
            "range": Object {
              "end": 101,
              "start": 84,
            },
            "uri": "case/function_declare.php",
          },
          "name": "$floatParam",
          "refKind": 3,
          "scope": null,
          "type": TypeComposite {
            "_types": Array [
              TypeName {
                "name": "float",
              },
            ],
            "existingTypes": Object {
              "float": true,
            },
          },
          "value": "",
        },
      ],
      "scopeVar": ScopeVar {
        "location": Object {
          "range": Object {
            "end": 582,
            "start": 7,
          },
          "uri": "case/function_declare.php",
        },
        "variables": Object {
          "$boolParam": TypeComposite {
            "_types": Array [
              TypeName {
                "name": "boolean",
              },
            ],
            "existingTypes": Object {
              "boolean": true,
            },
          },
          "$floatParam": TypeComposite {
            "_types": Array [
              TypeName {
                "name": "float",
              },
            ],
            "existingTypes": Object {
              "float": true,
            },
          },
          "$intParam": TypeComposite {
            "_types": Array [
              TypeName {
                "name": "int",
              },
            ],
            "existingTypes": Object {
              "int": true,
            },
          },
          "$stringParam": TypeComposite {
            "_types": Array [
              TypeName {
                "name": "string",
              },
            ],
            "existingTypes": Object {
              "string": true,
            },
          },
          "$test": TypeComposite {
            "_types": Array [
              TypeName {
                "name": "int",
              },
            ],
            "existingTypes": Object {
              "int": true,
            },
          },
        },
      },
      "types": Array [
        TypeName {
          "name": "boolean",
        },
        TypeName {
          "name": "string",
        },
        TypeName {
          "name": "int",
        },
        TypeName {
          "name": "float",
        },
        TypeName {
          "name": "\\\\TestClass",
        },
      ],
    },
    Function {
      "description": "Test function 2",
      "name": TypeName {
        "name": "\\\\test_function2",
      },
      "parameters": Array [
        Parameter {
          "description": "",
          "location": Object {
            "range": Object {
              "end": 739,
              "start": 732,
            },
            "uri": "case/function_declare.php",
          },
          "name": "$param1",
          "refKind": 3,
          "scope": null,
          "type": TypeComposite {
            "_types": Array [
              TypeName {
                "name": "\\\\array|int",
              },
            ],
            "existingTypes": Object {
              "array|int": true,
            },
          },
          "value": "",
        },
        Parameter {
          "description": "",
          "location": Object {
            "range": Object {
              "end": 748,
              "start": 741,
            },
            "uri": "case/function_declare.php",
          },
          "name": "$param2",
          "refKind": 3,
          "scope": null,
          "type": TypeComposite {
            "_types": Array [
              TypeName {
                "name": "string",
              },
            ],
            "existingTypes": Object {
              "string": true,
            },
          },
          "value": "",
        },
      ],
      "scopeVar": ScopeVar {
        "location": Object {
          "range": Object {
            "end": 754,
            "start": 708,
          },
          "uri": "case/function_declare.php",
        },
        "variables": Object {
          "$param1": TypeComposite {
            "_types": Array [
              TypeName {
                "name": "\\\\array|int",
              },
            ],
            "existingTypes": Object {
              "array|int": true,
            },
          },
          "$param2": TypeComposite {
            "_types": Array [
              TypeName {
                "name": "string",
              },
            ],
            "existingTypes": Object {
              "string": true,
            },
          },
        },
      },
      "types": Array [],
    },
  ],
  "importTable": ImportTable {
    "imports": Object {},
    "namespace": NamespaceName {
      "parts": Array [],
    },
  },
  "methods": Array [],
  "modifiedTime": -1,
  "properties": Array [],
  "references": Array [
    Parameter {
      "description": "",
      "location": Object {
        "range": Object {
          "end": 50,
          "start": 31,
        },
        "uri": "case/function_declare.php",
      },
      "name": "$stringParam",
      "refKind": 3,
      "scope": null,
      "type": TypeComposite {
        "_types": Array [
          TypeName {
            "name": "string",
          },
        ],
        "existingTypes": Object {
          "string": true,
        },
      },
      "value": "",
    },
    Parameter {
      "description": "",
      "location": Object {
        "range": Object {
          "end": 65,
          "start": 52,
        },
        "uri": "case/function_declare.php",
      },
      "name": "$intParam",
      "refKind": 3,
      "scope": null,
      "type": TypeComposite {
        "_types": Array [
          TypeName {
            "name": "int",
          },
        ],
        "existingTypes": Object {
          "int": true,
        },
      },
      "value": "",
    },
    Parameter {
      "description": "",
      "location": Object {
        "range": Object {
          "end": 82,
          "start": 67,
        },
        "uri": "case/function_declare.php",
      },
      "name": "$boolParam",
      "refKind": 3,
      "scope": null,
      "type": TypeComposite {
        "_types": Array [
          TypeName {
            "name": "boolean",
          },
        ],
        "existingTypes": Object {
          "boolean": true,
        },
      },
      "value": "",
    },
    Parameter {
      "description": "",
      "location": Object {
        "range": Object {
          "end": 101,
          "start": 84,
        },
        "uri": "case/function_declare.php",
      },
      "name": "$floatParam",
      "refKind": 3,
      "scope": null,
      "type": TypeComposite {
        "_types": Array [
          TypeName {
            "name": "float",
          },
        ],
        "existingTypes": Object {
          "float": true,
        },
      },
      "value": "",
    },
    SimpleVariable {
      "name": "$test",
      "type": TypeComposite {
        "_types": Array [
          TypeName {
            "name": "int",
          },
        ],
        "existingTypes": Object {
          "int": true,
        },
      },
    },
    ArgumentExpressionList {
      "arguments": Array [
        SimpleVariable {
          "name": "$test",
          "type": TypeComposite {
            "_types": Array [
              TypeName {
                "name": "int",
              },
            ],
            "existingTypes": Object {
              "int": true,
            },
          },
        },
      ],
      "location": Object {
        "range": Object {
          "end": 144,
          "start": 139,
        },
        "uri": "case/function_declare.php",
      },
    },
    FunctionCall {
      "argumentList": ArgumentExpressionList {
        "arguments": Array [
          SimpleVariable {
            "name": "$test",
            "type": TypeComposite {
              "_types": Array [
                TypeName {
                  "name": "int",
                },
              ],
              "existingTypes": Object {
                "int": true,
              },
            },
          },
        ],
        "location": Object {
          "range": Object {
            "end": 144,
            "start": 139,
          },
          "uri": "case/function_declare.php",
        },
      },
      "location": Object {
        "range": Object {
          "end": 138,
          "start": 129,
        },
        "uri": "case/function_declare.php",
      },
      "realSymbol": undefined,
      "refKind": 1,
      "scope": null,
      "type": TypeName {
        "name": "is_string",
      },
    },
    SimpleVariable {
      "name": "$test",
      "type": TypeComposite {
        "_types": Array [
          TypeName {
            "name": "int",
          },
        ],
        "existingTypes": Object {
          "int": true,
        },
      },
    },
    ConstantAccess {
      "location": Object {
        "range": Object {
          "end": 168,
          "start": 164,
        },
        "uri": "case/function_declare.php",
      },
      "refKind": 6,
      "scope": null,
      "type": TypeName {
        "name": "boolean",
      },
      "value": "true",
    },
    SimpleVariable {
      "name": "$test",
      "type": TypeComposite {
        "_types": Array [
          TypeName {
            "name": "int",
          },
        ],
        "existingTypes": Object {
          "int": true,
        },
      },
    },
    SimpleVariable {
      "name": "$stringParam",
      "type": TypeComposite {
        "_types": Array [
          TypeName {
            "name": "string",
          },
        ],
        "existingTypes": Object {
          "string": true,
        },
      },
    },
    SimpleVariable {
      "name": "$intParam",
      "type": TypeComposite {
        "_types": Array [
          TypeName {
            "name": "int",
          },
        ],
        "existingTypes": Object {
          "int": true,
        },
      },
    },
    SimpleVariable {
      "name": "$boolParam",
      "type": TypeComposite {
        "_types": Array [
          TypeName {
            "name": "boolean",
          },
        ],
        "existingTypes": Object {
          "boolean": true,
        },
      },
    },
    SimpleVariable {
      "name": "$floatParam",
      "type": TypeComposite {
        "_types": Array [
          TypeName {
            "name": "float",
          },
        ],
        "existingTypes": Object {
          "float": true,
        },
      },
    },
    ConstantAccess {
      "location": Object {
        "range": Object {
          "end": 429,
          "start": 424,
        },
        "uri": "case/function_declare.php",
      },
      "refKind": 6,
      "scope": null,
      "type": TypeName {
        "name": "boolean",
      },
      "value": "false",
    },
    ArgumentExpressionList {
      "arguments": Array [
        SimpleVariable {
          "name": "$test",
          "type": TypeComposite {
            "_types": Array [
              TypeName {
                "name": "int",
              },
            ],
            "existingTypes": Object {
              "int": true,
            },
          },
        },
      ],
      "location": Object {
        "range": Object {
          "end": 461,
          "start": 456,
        },
        "uri": "case/function_declare.php",
      },
    },
    FunctionCall {
      "argumentList": ArgumentExpressionList {
        "arguments": Array [
          SimpleVariable {
            "name": "$test",
            "type": TypeComposite {
              "_types": Array [
                TypeName {
                  "name": "int",
                },
              ],
              "existingTypes": Object {
                "int": true,
              },
            },
          },
        ],
        "location": Object {
          "range": Object {
            "end": 461,
            "start": 456,
          },
          "uri": "case/function_declare.php",
        },
      },
      "location": Object {
        "range": Object {
          "end": 455,
          "start": 446,
        },
        "uri": "case/function_declare.php",
      },
      "realSymbol": undefined,
      "refKind": 1,
      "scope": null,
      "type": TypeName {
        "name": "is_object",
      },
    },
    SimpleVariable {
      "name": "$test",
      "type": TypeComposite {
        "_types": Array [
          TypeName {
            "name": "int",
          },
        ],
        "existingTypes": Object {
          "int": true,
        },
      },
    },
    ClassTypeDesignator {
      "location": Object {
        "range": Object {
          "end": 494,
          "start": 485,
        },
        "uri": "case/function_declare.php",
      },
      "refKind": 8,
      "scope": null,
      "type": TypeName {
        "name": "\\\\TestClass",
      },
    },
    ArgumentExpressionList {
      "arguments": Array [
        SimpleVariable {
          "name": "$test",
          "type": TypeComposite {
            "_types": Array [
              TypeName {
                "name": "int",
              },
            ],
            "existingTypes": Object {
              "int": true,
            },
          },
        },
      ],
      "location": Object {
        "range": Object {
          "end": 529,
          "start": 524,
        },
        "uri": "case/function_declare.php",
      },
    },
    FunctionCall {
      "argumentList": ArgumentExpressionList {
        "arguments": Array [
          SimpleVariable {
            "name": "$test",
            "type": TypeComposite {
              "_types": Array [
                TypeName {
                  "name": "int",
                },
              ],
              "existingTypes": Object {
                "int": true,
              },
            },
          },
        ],
        "location": Object {
          "range": Object {
            "end": 529,
            "start": 524,
          },
          "uri": "case/function_declare.php",
        },
      },
      "location": Object {
        "range": Object {
          "end": 523,
          "start": 513,
        },
        "uri": "case/function_declare.php",
      },
      "realSymbol": undefined,
      "refKind": 1,
      "scope": null,
      "type": TypeName {
        "name": "is_numeric",
      },
    },
    SimpleVariable {
      "name": "$test",
      "type": TypeComposite {
        "_types": Array [
          TypeName {
            "name": "int",
          },
        ],
        "existingTypes": Object {
          "int": true,
        },
      },
    },
    Parameter {
      "description": "",
      "location": Object {
        "range": Object {
          "end": 739,
          "start": 732,
        },
        "uri": "case/function_declare.php",
      },
      "name": "$param1",
      "refKind": 3,
      "scope": null,
      "type": TypeComposite {
        "_types": Array [
          TypeName {
            "name": "\\\\array|int",
          },
        ],
        "existingTypes": Object {
          "array|int": true,
        },
      },
      "value": "",
    },
    Parameter {
      "description": "",
      "location": Object {
        "range": Object {
          "end": 748,
          "start": 741,
        },
        "uri": "case/function_declare.php",
      },
      "name": "$param2",
      "refKind": 3,
      "scope": null,
      "type": TypeComposite {
        "_types": Array [
          TypeName {
            "name": "string",
          },
        ],
        "existingTypes": Object {
          "string": true,
        },
      },
      "value": "",
    },
    SimpleVariable {
      "name": "$callback",
      "type": TypeComposite {
        "_types": Array [],
        "existingTypes": Object {},
      },
    },
  ],
  "scopeVarStack": Array [
    ScopeVar {
      "location": Object {
        "range": Object {
          "end": 788,
          "start": 0,
        },
        "uri": "case/function_declare.php",
      },
      "variables": Object {
        "$callback": TypeComposite {
          "_types": Array [],
          "existingTypes": Object {},
        },
      },
    },
    ScopeVar {
      "location": Object {
        "range": Object {
          "end": 582,
          "start": 7,
        },
        "uri": "case/function_declare.php",
      },
      "variables": Object {
        "$boolParam": TypeComposite {
          "_types": Array [
            TypeName {
              "name": "boolean",
            },
          ],
          "existingTypes": Object {
            "boolean": true,
          },
        },
        "$floatParam": TypeComposite {
          "_types": Array [
            TypeName {
              "name": "float",
            },
          ],
          "existingTypes": Object {
            "float": true,
          },
        },
        "$intParam": TypeComposite {
          "_types": Array [
            TypeName {
              "name": "int",
            },
          ],
          "existingTypes": Object {
            "int": true,
          },
        },
        "$stringParam": TypeComposite {
          "_types": Array [
            TypeName {
              "name": "string",
            },
          ],
          "existingTypes": Object {
            "string": true,
          },
        },
        "$test": TypeComposite {
          "_types": Array [
            TypeName {
              "name": "int",
            },
          ],
          "existingTypes": Object {
            "int": true,
          },
        },
      },
    },
    ScopeVar {
      "location": Object {
        "range": Object {
          "end": 754,
          "start": 708,
        },
        "uri": "case/function_declare.php",
      },
      "variables": Object {
        "$param1": TypeComposite {
          "_types": Array [
            TypeName {
              "name": "\\\\array|int",
            },
          ],
          "existingTypes": Object {
            "array|int": true,
          },
        },
        "$param2": TypeComposite {
          "_types": Array [
            TypeName {
              "name": "string",
            },
          ],
          "existingTypes": Object {
            "string": true,
          },
        },
      },
    },
  ],
  "text": "<?php

function test_function1(string $stringParam, int $intParam, bool $boolParam, float $floatParam) {
    $test = 1;

    if (is_string($test)) {
        return true;
    }

    switch ($test) {
        case 1:
            return $stringParam;
        case 2:
            return $intParam;
        case 3:
            return $boolParam;
        case 4:
            return $floatParam;
        default:
            return false;
    }

    if (is_object($test)) {
        return new TestClass();
    }

    if (is_numeric($test)) {
        return 20;
    }

    return 'string';
}

/**
 * Test function 2
 * @param array|int $param1 array of something or int
 * @param string[] $param2 array of string
 */
function test_function2($param1, $param2) {

}

$callback = function() {
    
};",
  "uri": "case/function_declare.php",
}
`;

exports[`phpDoc snapshot of phpDocs 4`] = `
PhpDocument {
  "classConstants": Array [
    ClassConstant {
      "constant": Constant {
        "name": TypeName {
          "name": "",
        },
        "type": TypeName {
          "name": "int",
        },
        "value": "123",
      },
      "location": Object {
        "range": Object {
          "end": 1120,
          "start": 1098,
        },
        "uri": "case/global_symbols.php",
      },
      "name": TypeName {
        "name": "TEST_CLASS_CONST",
      },
      "scope": TypeName {
        "name": "\\\\TestClass",
      },
    },
    ClassConstant {
      "constant": Constant {
        "name": TypeName {
          "name": "",
        },
        "type": TypeName {
          "name": "int",
        },
        "value": "123",
      },
      "location": Object {
        "range": Object {
          "end": 2164,
          "start": 2142,
        },
        "uri": "case/global_symbols.php",
      },
      "name": TypeName {
        "name": "TEST_CLASS_CONST",
      },
      "scope": null,
    },
  ],
  "classes": Array [
    Class {
      "extend": null,
      "implements": Array [
        TypeName {
          "name": "TestInterface",
        },
        TypeName {
          "name": "TestInterface2",
        },
      ],
      "location": Object {
        "range": Object {
          "end": 445,
          "start": 379,
        },
        "uri": "case/global_symbols.php",
      },
      "modifier": SymbolModifier {
        "modifier": 0,
        "visibility": 0,
      },
      "name": TypeName {
        "name": "\\\\TestClass2",
      },
      "traits": Array [],
    },
    Class {
      "extend": null,
      "implements": Array [
        TypeName {
          "name": "TestInterface",
        },
      ],
      "location": Object {
        "range": Object {
          "end": 1911,
          "start": 924,
        },
        "uri": "case/global_symbols.php",
      },
      "modifier": SymbolModifier {
        "modifier": 0,
        "visibility": 0,
      },
      "name": TypeName {
        "name": "\\\\TestClass",
      },
      "traits": Array [],
    },
    Class {
      "extend": TypeName {
        "name": "TestClass",
      },
      "implements": Array [],
      "location": Object {
        "range": Object {
          "end": 2421,
          "start": 2384,
        },
        "uri": "case/global_symbols.php",
      },
      "modifier": SymbolModifier {
        "modifier": 0,
        "visibility": 0,
      },
      "name": TypeName {
        "name": "\\\\ChildClass",
      },
      "traits": Array [],
    },
    Class {
      "extend": null,
      "implements": Array [],
      "location": Object {
        "range": Object {
          "end": 2919,
          "start": 2814,
        },
        "uri": "case/global_symbols.php",
      },
      "modifier": SymbolModifier {
        "modifier": 0,
        "visibility": 0,
      },
      "name": TypeName {
        "name": "\\\\UnusedClass",
      },
      "traits": Array [],
    },
  ],
  "constants": Array [
    Constant {
      "name": TypeName {
        "name": "\\\\TEST_CONST",
      },
      "type": TypeName {
        "name": "int",
      },
      "value": "123",
    },
    Constant {
      "name": TypeName {
        "name": "\\\\TEST_CONST1",
      },
      "type": TypeName {
        "name": "int",
      },
      "value": "456",
    },
    Constant {
      "name": TypeName {
        "name": "\\\\TEST_CONST2",
      },
      "type": TypeName {
        "name": "int",
      },
      "value": "789",
    },
    Constant {
      "name": TypeName {
        "name": "\\\\TEST_CONST_STRING",
      },
      "type": TypeName {
        "name": "string",
      },
      "value": "'Simple string'",
    },
    Constant {
      "name": TypeName {
        "name": "\\\\TEST_CONST_STRING2",
      },
      "type": TypeName {
        "name": "string",
      },
      "value": "'Not so simple string'",
    },
    Constant {
      "name": TypeName {
        "name": "\\\\TEST_CONST_STRING3",
      },
      "type": TypeName {
        "name": "string",
      },
      "value": "'Quite complex ' . TEST_CONST_STRING",
    },
    DefineConstant {
      "name": TypeName {
        "name": "\\\\CONSTANT_SAMPLE1",
      },
      "type": TypeName {
        "name": "boolean",
      },
      "value": "false",
    },
    DefineConstant {
      "name": TypeName {
        "name": "\\\\TEST_DEFINE_CONSTANT",
      },
      "type": TypeName {
        "name": "boolean",
      },
      "value": "false",
    },
    DefineConstant {
      "name": TypeName {
        "name": "\\\\TEST_STRING_CONSTANT1",
      },
      "type": TypeName {
        "name": "string",
      },
      "value": "'simple string'",
    },
    DefineConstant {
      "name": TypeName {
        "name": "\\\\TEST_STRING_CONSTANT2",
      },
      "type": TypeName {
        "name": "string",
      },
      "value": "'not so simple string'",
    },
    DefineConstant {
      "name": TypeName {
        "name": "\\\\TEST_STRING_CONSTANT3",
      },
      "type": TypeName {
        "name": "string",
      },
      "value": "'more of ' . TEST_STRING_CONSTANT2",
    },
  ],
  "functions": Array [
    Function {
      "description": "Officia aliquip adipisicing et nulla et laboris dolore labore.
",
      "name": TypeName {
        "name": "\\\\test_function",
      },
      "parameters": Array [],
      "scopeVar": ScopeVar {
        "location": Object {
          "range": Object {
            "end": 2118,
            "start": 2089,
          },
          "uri": "case/global_symbols.php",
        },
        "variables": Object {},
      },
      "types": Array [],
    },
  ],
  "importTable": ImportTable {
    "imports": Object {},
    "namespace": NamespaceName {
      "parts": Array [],
    },
  },
  "methods": Array [
    Method {
      "description": "Do magna consequat veniam minim proident eiusmod incididunt aute proident.",
      "func": Function {
        "description": "Do magna consequat veniam minim proident eiusmod incididunt aute proident.",
        "name": undefined,
        "parameters": Array [],
        "scopeVar": ScopeVar {
          "location": Object {},
          "variables": Object {},
        },
        "types": Array [],
      },
      "location": Object {
        "range": Object {
          "end": 1583,
          "start": 1493,
        },
        "uri": "case/global_symbols.php",
      },
      "modifier": SymbolModifier {
        "modifier": 32,
        "visibility": 1,
      },
      "name": TypeName {
        "name": "staticTestMethod",
      },
      "scope": TypeName {
        "name": "\\\\TestClass",
      },
    },
    Method {
      "description": "Non culpa nostrud mollit esse sunt laboris in irure ullamco cupidatat amet.
",
      "func": Function {
        "description": "Non culpa nostrud mollit esse sunt laboris in irure ullamco cupidatat amet.
",
        "name": undefined,
        "parameters": Array [
          Parameter {
            "description": "",
            "location": Object {
              "range": Object {
                "end": 1835,
                "start": 1821,
              },
              "uri": "case/global_symbols.php",
            },
            "name": "$testParameter",
            "refKind": 3,
            "scope": null,
            "type": TypeComposite {
              "_types": Array [
                TypeName {
                  "name": "TestClass",
                },
              ],
              "existingTypes": Object {
                "TestClass": true,
              },
            },
            "value": "",
          },
        ],
        "scopeVar": ScopeVar {
          "location": Object {},
          "variables": Object {
            "$testParameter": TypeComposite {
              "_types": Array [
                TypeName {
                  "name": "TestClass",
                },
              ],
              "existingTypes": Object {
                "TestClass": true,
              },
            },
          },
        },
        "types": Array [],
      },
      "location": Object {
        "range": Object {
          "end": 1909,
          "start": 1794,
        },
        "uri": "case/global_symbols.php",
      },
      "modifier": SymbolModifier {
        "modifier": 0,
        "visibility": 1,
      },
      "name": TypeName {
        "name": "testMethod",
      },
      "scope": TypeName {
        "name": "\\\\TestClass",
      },
    },
    Method {
      "description": "",
      "func": Function {
        "description": "",
        "name": undefined,
        "parameters": Array [],
        "scopeVar": ScopeVar {
          "location": Object {},
          "variables": Object {},
        },
        "types": Array [],
      },
      "location": Object {
        "range": Object {
          "end": 2290,
          "start": 2236,
        },
        "uri": "case/global_symbols.php",
      },
      "modifier": SymbolModifier {
        "modifier": 32,
        "visibility": 1,
      },
      "name": TypeName {
        "name": "staticTestMethod",
      },
      "scope": null,
    },
    Method {
      "description": "",
      "func": Function {
        "description": "",
        "name": undefined,
        "parameters": Array [
          Parameter {
            "description": "",
            "location": Object {
              "range": Object {
                "end": 2337,
                "start": 2323,
              },
              "uri": "case/global_symbols.php",
            },
            "name": "$testParameter",
            "refKind": 3,
            "scope": null,
            "type": TypeComposite {
              "_types": Array [],
              "existingTypes": Object {},
            },
            "value": "",
          },
        ],
        "scopeVar": ScopeVar {
          "location": Object {},
          "variables": Object {
            "$testParameter": TypeComposite {
              "_types": Array [],
              "existingTypes": Object {},
            },
            "$testVariable": TypeComposite {
              "_types": Array [
                TypeName {
                  "name": "int",
                },
              ],
              "existingTypes": Object {
                "int": true,
              },
            },
          },
        },
        "types": Array [],
      },
      "location": Object {
        "range": Object {
          "end": 2379,
          "start": 2296,
        },
        "uri": "case/global_symbols.php",
      },
      "modifier": SymbolModifier {
        "modifier": 0,
        "visibility": 1,
      },
      "name": TypeName {
        "name": "testMethod",
      },
      "scope": null,
    },
    Method {
      "description": "",
      "func": Function {
        "description": "",
        "name": undefined,
        "parameters": Array [],
        "scopeVar": ScopeVar {
          "location": Object {},
          "variables": Object {},
        },
        "types": Array [],
      },
      "location": Object {
        "range": Object {
          "end": 2917,
          "start": 2867,
        },
        "uri": "case/global_symbols.php",
      },
      "modifier": SymbolModifier {
        "modifier": 0,
        "visibility": 1,
      },
      "name": TypeName {
        "name": "unusedMethod",
      },
      "scope": TypeName {
        "name": "\\\\UnusedClass",
      },
    },
  ],
  "modifiedTime": -1,
  "properties": Array [
    Property {
      "_variable": Variable {
        "expression": Expression {},
        "location": Object {},
        "name": "",
        "refKind": 2,
        "scope": null,
        "scopeRange": undefined,
        "type": TypeComposite {
          "_types": Array [
            TypeName {
              "name": "TestClass",
            },
          ],
          "existingTypes": Object {
            "TestClass": true,
          },
        },
      },
      "description": "Lorem excepteur officia sit anim velit veniam enim.
",
      "location": Object {
        "range": Object {
          "end": 1266,
          "start": 1247,
        },
        "uri": "case/global_symbols.php",
      },
      "modifier": SymbolModifier {
        "modifier": 32,
        "visibility": 1,
      },
      "name": "$staticTestProperty",
      "scope": TypeName {
        "name": "\\\\TestClass",
      },
    },
    Property {
      "_variable": Variable {
        "expression": Expression {},
        "location": Object {},
        "name": "",
        "refKind": 2,
        "scope": null,
        "scopeRange": undefined,
        "type": TypeComposite {
          "_types": Array [
            TypeName {
              "name": "TestClass",
            },
          ],
          "existingTypes": Object {
            "TestClass": true,
          },
        },
      },
      "description": "Reprehenderit magna velit mollit ipsum do.
",
      "location": Object {
        "range": Object {
          "end": 1388,
          "start": 1375,
        },
        "uri": "case/global_symbols.php",
      },
      "modifier": SymbolModifier {
        "modifier": 0,
        "visibility": 1,
      },
      "name": "$testProperty",
      "scope": TypeName {
        "name": "\\\\TestClass",
      },
    },
    Property {
      "_variable": Variable {
        "expression": Expression {},
        "location": Object {},
        "name": "",
        "refKind": 2,
        "scope": null,
        "scopeRange": undefined,
        "type": TypeComposite {
          "_types": Array [],
          "existingTypes": Object {},
        },
      },
      "description": "",
      "location": Object {
        "range": Object {
          "end": 2203,
          "start": 2184,
        },
        "uri": "case/global_symbols.php",
      },
      "modifier": SymbolModifier {
        "modifier": 32,
        "visibility": 1,
      },
      "name": "$staticTestProperty",
      "scope": null,
    },
    Property {
      "_variable": Variable {
        "expression": Expression {},
        "location": Object {},
        "name": "",
        "refKind": 2,
        "scope": null,
        "scopeRange": undefined,
        "type": TypeComposite {
          "_types": Array [],
          "existingTypes": Object {},
        },
      },
      "description": "",
      "location": Object {
        "range": Object {
          "end": 2229,
          "start": 2216,
        },
        "uri": "case/global_symbols.php",
      },
      "modifier": SymbolModifier {
        "modifier": 0,
        "visibility": 1,
      },
      "name": "$testProperty",
      "scope": null,
    },
    Property {
      "_variable": Variable {
        "expression": Expression {},
        "location": Object {},
        "name": "",
        "refKind": 2,
        "scope": null,
        "scopeRange": undefined,
        "type": TypeComposite {
          "_types": Array [],
          "existingTypes": Object {},
        },
      },
      "description": "Neither this class nor its members are referenced anywhere",
      "location": Object {
        "range": Object {
          "end": 2860,
          "start": 2845,
        },
        "uri": "case/global_symbols.php",
      },
      "modifier": SymbolModifier {
        "modifier": 0,
        "visibility": 1,
      },
      "name": "$unusedProperty",
      "scope": TypeName {
        "name": "\\\\UnusedClass",
      },
    },
  ],
  "references": Array [
    Constant {
      "name": TypeName {
        "name": "\\\\TEST_CONST",
      },
      "type": TypeName {
        "name": "int",
      },
      "value": "123",
    },
    Constant {
      "name": TypeName {
        "name": "\\\\TEST_CONST1",
      },
      "type": TypeName {
        "name": "int",
      },
      "value": "456",
    },
    Constant {
      "name": TypeName {
        "name": "\\\\TEST_CONST2",
      },
      "type": TypeName {
        "name": "int",
      },
      "value": "789",
    },
    Constant {
      "name": TypeName {
        "name": "\\\\TEST_CONST_STRING",
      },
      "type": TypeName {
        "name": "string",
      },
      "value": "'Simple string'",
    },
    Constant {
      "name": TypeName {
        "name": "\\\\TEST_CONST_STRING2",
      },
      "type": TypeName {
        "name": "string",
      },
      "value": "'Not so simple string'",
    },
    Constant {
      "name": TypeName {
        "name": "\\\\TEST_CONST_STRING3",
      },
      "type": TypeName {
        "name": "string",
      },
      "value": "'Quite complex ' . TEST_CONST_STRING",
    },
    ConstantAccess {
      "location": Object {
        "range": Object {
          "end": 340,
          "start": 323,
        },
        "uri": "case/global_symbols.php",
      },
      "refKind": 6,
      "scope": null,
      "type": TypeName {
        "name": "TEST_CONST_STRING",
      },
      "value": "TEST_CONST_STRING",
    },
    ArgumentExpressionList {
      "arguments": Array [],
      "location": Object {
        "range": Object {
          "end": 375,
          "start": 350,
        },
        "uri": "case/global_symbols.php",
      },
    },
    FunctionCall {
      "argumentList": ArgumentExpressionList {
        "arguments": Array [],
        "location": Object {
          "range": Object {
            "end": 375,
            "start": 350,
          },
          "uri": "case/global_symbols.php",
        },
      },
      "location": Object {
        "range": Object {
          "end": 376,
          "start": 343,
        },
        "uri": "case/global_symbols.php",
      },
      "realSymbol": DefineConstant {
        "name": TypeName {
          "name": "\\\\CONSTANT_SAMPLE1",
        },
        "type": TypeName {
          "name": "boolean",
        },
        "value": "false",
      },
      "refKind": 1,
      "scope": null,
      "type": TypeName {
        "name": "",
      },
    },
    ConstantAccess {
      "location": Object {
        "range": Object {
          "end": 375,
          "start": 370,
        },
        "uri": "case/global_symbols.php",
      },
      "refKind": 6,
      "scope": null,
      "type": TypeName {
        "name": "boolean",
      },
      "value": "false",
    },
    DefineConstant {
      "name": TypeName {
        "name": "\\\\CONSTANT_SAMPLE1",
      },
      "type": TypeName {
        "name": "boolean",
      },
      "value": "false",
    },
    ClassConstRefExpression {
      "classConstRef": ClassConstRef {
        "hasWhitespace": false,
        "location": Object {
          "range": Object {
            "end": 1576,
            "start": 1560,
          },
          "uri": "case/global_symbols.php",
        },
        "refKind": 12,
        "scope": TypeName {
          "name": "\\\\TestClass",
        },
        "type": TypeName {
          "name": "TEST_CLASS_CONST",
        },
      },
      "classRef": ClassRef {
        "location": Object {
          "range": Object {
            "end": 1558,
            "start": 1554,
          },
          "uri": "case/global_symbols.php",
        },
        "refKind": 9,
        "scope": TypeName {
          "name": "\\\\TestClass",
        },
        "type": TypeName {
          "name": "\\\\TestClass",
        },
      },
      "hasColonColon": true,
      "isParentIncluded": true,
      "location": Object {
        "range": Object {
          "end": 1576,
          "start": 1554,
        },
        "uri": "case/global_symbols.php",
      },
      "refKind": 12,
      "scope": TypeName {
        "name": "\\\\TestClass",
      },
      "type": TypeName {
        "name": "TEST_CLASS_CONST",
      },
    },
    ClassRef {
      "location": Object {
        "range": Object {
          "end": 1558,
          "start": 1554,
        },
        "uri": "case/global_symbols.php",
      },
      "refKind": 9,
      "scope": TypeName {
        "name": "\\\\TestClass",
      },
      "type": TypeName {
        "name": "\\\\TestClass",
      },
    },
    Parameter {
      "description": "",
      "location": Object {
        "range": Object {
          "end": 1835,
          "start": 1821,
        },
        "uri": "case/global_symbols.php",
      },
      "name": "$testParameter",
      "refKind": 3,
      "scope": null,
      "type": TypeComposite {
        "_types": Array [
          TypeName {
            "name": "TestClass",
          },
        ],
        "existingTypes": Object {
          "TestClass": true,
        },
      },
      "value": "",
    },
    PropertyAccessExpression {
      "hasArrow": true,
      "location": Object {
        "range": Object {
          "end": 1885,
          "start": 1866,
        },
        "uri": "case/global_symbols.php",
      },
      "memberLocation": Object {
        "range": Object {
          "end": 1885,
          "start": 1873,
        },
        "uri": "case/global_symbols.php",
      },
      "refKind": 14,
      "scope": TypeComposite {
        "_types": Array [
          TypeName {
            "name": "\\\\TestClass",
          },
        ],
        "existingTypes": Object {
          "TestClass": true,
        },
      },
      "type": TypeName {
        "name": "testProperty",
      },
    },
    SimpleVariable {
      "name": "$this",
      "type": TypeComposite {
        "_types": Array [
          TypeName {
            "name": "\\\\TestClass",
          },
        ],
        "existingTypes": Object {
          "TestClass": true,
        },
      },
    },
    SimpleVariable {
      "name": "$testParameter",
      "type": TypeComposite {
        "_types": Array [],
        "existingTypes": Object {},
      },
    },
    Parameter {
      "description": "",
      "location": Object {
        "range": Object {
          "end": 2337,
          "start": 2323,
        },
        "uri": "case/global_symbols.php",
      },
      "name": "$testParameter",
      "refKind": 3,
      "scope": null,
      "type": TypeComposite {
        "_types": Array [],
        "existingTypes": Object {},
      },
      "value": "",
    },
    SimpleVariable {
      "name": "$testVariable",
      "type": TypeComposite {
        "_types": Array [
          TypeName {
            "name": "int",
          },
        ],
        "existingTypes": Object {
          "int": true,
        },
      },
    },
    ArgumentExpressionList {
      "arguments": Array [],
      "location": Object {
        "range": Object {
          "end": 2511,
          "start": 2482,
        },
        "uri": "case/global_symbols.php",
      },
    },
    FunctionCall {
      "argumentList": ArgumentExpressionList {
        "arguments": Array [],
        "location": Object {
          "range": Object {
            "end": 2511,
            "start": 2482,
          },
          "uri": "case/global_symbols.php",
        },
      },
      "location": Object {
        "range": Object {
          "end": 2512,
          "start": 2475,
        },
        "uri": "case/global_symbols.php",
      },
      "realSymbol": DefineConstant {
        "name": TypeName {
          "name": "\\\\TEST_DEFINE_CONSTANT",
        },
        "type": TypeName {
          "name": "boolean",
        },
        "value": "false",
      },
      "refKind": 1,
      "scope": null,
      "type": TypeName {
        "name": "",
      },
    },
    ConstantAccess {
      "location": Object {
        "range": Object {
          "end": 2511,
          "start": 2506,
        },
        "uri": "case/global_symbols.php",
      },
      "refKind": 6,
      "scope": null,
      "type": TypeName {
        "name": "boolean",
      },
      "value": "false",
    },
    DefineConstant {
      "name": TypeName {
        "name": "\\\\TEST_DEFINE_CONSTANT",
      },
      "type": TypeName {
        "name": "boolean",
      },
      "value": "false",
    },
    ArgumentExpressionList {
      "arguments": Array [],
      "location": Object {
        "range": Object {
          "end": 2561,
          "start": 2521,
        },
        "uri": "case/global_symbols.php",
      },
    },
    FunctionCall {
      "argumentList": ArgumentExpressionList {
        "arguments": Array [],
        "location": Object {
          "range": Object {
            "end": 2561,
            "start": 2521,
          },
          "uri": "case/global_symbols.php",
        },
      },
      "location": Object {
        "range": Object {
          "end": 2562,
          "start": 2514,
        },
        "uri": "case/global_symbols.php",
      },
      "realSymbol": DefineConstant {
        "name": TypeName {
          "name": "\\\\TEST_STRING_CONSTANT1",
        },
        "type": TypeName {
          "name": "string",
        },
        "value": "'simple string'",
      },
      "refKind": 1,
      "scope": null,
      "type": TypeName {
        "name": "",
      },
    },
    DefineConstant {
      "name": TypeName {
        "name": "\\\\TEST_STRING_CONSTANT1",
      },
      "type": TypeName {
        "name": "string",
      },
      "value": "'simple string'",
    },
    ArgumentExpressionList {
      "arguments": Array [],
      "location": Object {
        "range": Object {
          "end": 2623,
          "start": 2571,
        },
        "uri": "case/global_symbols.php",
      },
    },
    FunctionCall {
      "argumentList": ArgumentExpressionList {
        "arguments": Array [],
        "location": Object {
          "range": Object {
            "end": 2623,
            "start": 2571,
          },
          "uri": "case/global_symbols.php",
        },
      },
      "location": Object {
        "range": Object {
          "end": 2624,
          "start": 2564,
        },
        "uri": "case/global_symbols.php",
      },
      "realSymbol": DefineConstant {
        "name": TypeName {
          "name": "\\\\TEST_STRING_CONSTANT2",
        },
        "type": TypeName {
          "name": "string",
        },
        "value": "'not so simple string'",
      },
      "refKind": 1,
      "scope": null,
      "type": TypeName {
        "name": "",
      },
    },
    DefineConstant {
      "name": TypeName {
        "name": "\\\\TEST_STRING_CONSTANT2",
      },
      "type": TypeName {
        "name": "string",
      },
      "value": "'not so simple string'",
    },
    ArgumentExpressionList {
      "arguments": Array [],
      "location": Object {
        "range": Object {
          "end": 2692,
          "start": 2633,
        },
        "uri": "case/global_symbols.php",
      },
    },
    FunctionCall {
      "argumentList": ArgumentExpressionList {
        "arguments": Array [],
        "location": Object {
          "range": Object {
            "end": 2692,
            "start": 2633,
          },
          "uri": "case/global_symbols.php",
        },
      },
      "location": Object {
        "range": Object {
          "end": 2693,
          "start": 2626,
        },
        "uri": "case/global_symbols.php",
      },
      "realSymbol": DefineConstant {
        "name": TypeName {
          "name": "\\\\TEST_STRING_CONSTANT3",
        },
        "type": TypeName {
          "name": "string",
        },
        "value": "'more of ' . TEST_STRING_CONSTANT2",
      },
      "refKind": 1,
      "scope": null,
      "type": TypeName {
        "name": "",
      },
    },
    ConstantAccess {
      "location": Object {
        "range": Object {
          "end": 2692,
          "start": 2671,
        },
        "uri": "case/global_symbols.php",
      },
      "refKind": 6,
      "scope": null,
      "type": TypeName {
        "name": "TEST_STRING_CONSTANT2",
      },
      "value": "TEST_STRING_CONSTANT2",
    },
    DefineConstant {
      "name": TypeName {
        "name": "\\\\TEST_STRING_CONSTANT3",
      },
      "type": TypeName {
        "name": "string",
      },
      "value": "'more of ' . TEST_STRING_CONSTANT2",
    },
    ConstantAccess {
      "location": Object {
        "range": Object {
          "end": 2722,
          "start": 2702,
        },
        "uri": "case/global_symbols.php",
      },
      "refKind": 6,
      "scope": null,
      "type": TypeName {
        "name": "TEST_DEFINE_CONSTANT",
      },
      "value": "TEST_DEFINE_CONSTANT",
    },
  ],
  "scopeVarStack": Array [
    ScopeVar {
      "location": Object {
        "range": Object {
          "end": 2919,
          "start": 0,
        },
        "uri": "case/global_symbols.php",
      },
      "variables": Object {
        "$testVariable": TypeComposite {
          "_types": Array [
            TypeName {
              "name": "int",
            },
          ],
          "existingTypes": Object {
            "int": true,
          },
        },
      },
    },
    ScopeVar {
      "location": Object {
        "range": Object {
          "end": 2118,
          "start": 2089,
        },
        "uri": "case/global_symbols.php",
      },
      "variables": Object {},
    },
  ],
  "text": "<?php



/**
 * Esse commodo excepteur pariatur Lorem est aute incididunt reprehenderit.
 *
 * @var int
 */
const TEST_CONST = 123;

const TEST_CONST1 = 456, TEST_CONST2 = 789;

const TEST_CONST_STRING = 'Simple string';
const TEST_CONST_STRING2 = 'Not so ' . 'simple string';
const TEST_CONST_STRING3 = 'Quite complex ' . TEST_CONST_STRING;

define('CONSTANT_SAMPLE1', false);

class TestClass2 implements TestInterface, TestInterface2
{
    
}

/**
 * Pariatur ut laborum tempor voluptate consequat ea deserunt.
 *
 * Deserunt enim minim sunt sint ea nisi. Deserunt excepteur tempor id nostrud
 * laboris commodo ad commodo velit mollit qui non officia id. Nulla duis veniam
 * veniam officia deserunt et non dolore mollit ea quis eiusmod sit non. Occaecat
 * consequat sunt culpa exercitation pariatur id reprehenderit nisi incididunt Lorem
 * sint. Officia culpa pariatur laborum nostrud cupidatat consequat mollit.
 */
class TestClass implements TestInterface
{
    /**
     * Anim labore veniam consectetur laboris minim quis aute aute esse nulla ad.
     *
     * @var int
     */
    const TEST_CLASS_CONST = 123;

    /**
     * Lorem excepteur officia sit anim velit veniam enim.
     *
     * @var TestClass[]
     */
    public static $staticTestProperty;

    /**
     * Reprehenderit magna velit mollit ipsum do.
     *
     * @var TestClass
     */
    public $testProperty;

    /**
     * Do magna consequat veniam minim proident eiusmod incididunt aute proident.
     */
    public static function staticTestMethod()
    {
        echo self::TEST_CLASS_CONST;
    }

    /**
     * Non culpa nostrud mollit esse sunt laboris in irure ullamco cupidatat amet.
     *
     * @param TestClass $testParameter Lorem sunt velit incididunt mollit
     * @return TestClass
     */
    public function testMethod($testParameter): TestInterface
    {
        $this->testProperty = $testParameter;
    }
}

trait TestTrait
{

}

interface TestInterface
{

}

interface TestInterface2
{

}

/**
 * Officia aliquip adipisicing et nulla et laboris dolore labore.
 *
 * @return void
 */
function test_function()
{

}

new class {
    const TEST_CLASS_CONST = 123;
    public static $staticTestProperty;
    public $testProperty;

    public static function staticTestMethod()
    {

    }

    public function testMethod($testParameter)
    {
        $testVariable = 123;
    }
};

class ChildClass extends TestClass {}

/**
 * Lorem ipsum dolor sit amet, consectetur.
 */
define('TEST_DEFINE_CONSTANT', false);
define('TEST_STRING_CONSTANT1', 'simple string');
define('TEST_STRING_CONSTANT2', 'not so ' . 'simple string');
define('TEST_STRING_CONSTANT3', 'more of ' . TEST_STRING_CONSTANT2);

print TEST_DEFINE_CONSTANT ? 'true' : 'false';

/**
 * Neither this class nor its members are referenced anywhere
 */
class UnusedClass
{
    public $unusedProperty;

    public function unusedMethod()
    {        
    }
}",
  "uri": "case/global_symbols.php",
}
`;
