// Jest Snapshot v1, https://goo.gl/fbAQLP

exports[`Testing functions around references should return the reference at the cursor 1`] = `
Array [
  Object {
    "location": Location {
      "range": Range {
        "end": Position {
          "character": 7,
          "line": 1,
          "offset": 14,
        },
        "start": Position {
          "character": 0,
          "line": 1,
          "offset": 7,
        },
      },
      "uri": "file:///C:/Users/johnn/Development/phpintel/case/reference/references.php",
    },
    "refKind": 2,
    "scope": null,
    "type": TypeComposite {
      "_types": Array [
        TypeName {
          "name": "TestClass",
        },
      ],
    },
  },
  Object {
    "location": Location {
      "range": Range {
        "end": Position {
          "character": 7,
          "line": 1,
          "offset": 14,
        },
        "start": Position {
          "character": 0,
          "line": 1,
          "offset": 7,
        },
      },
      "uri": "file:///C:/Users/johnn/Development/phpintel/case/reference/references.php",
    },
    "refKind": 2,
    "scope": null,
    "type": TypeComposite {
      "_types": Array [
        TypeName {
          "name": "TestClass",
        },
      ],
    },
  },
  Object {
    "location": Location {
      "range": Range {
        "end": Position {
          "character": 7,
          "line": 1,
          "offset": 14,
        },
        "start": Position {
          "character": 0,
          "line": 1,
          "offset": 7,
        },
      },
      "uri": "file:///C:/Users/johnn/Development/phpintel/case/reference/references.php",
    },
    "refKind": 2,
    "scope": null,
    "type": TypeComposite {
      "_types": Array [
        TypeName {
          "name": "TestClass",
        },
      ],
    },
  },
  Object {
    "location": Location {
      "range": Range {
        "end": Position {
          "character": 14,
          "line": 3,
          "offset": 51,
        },
        "start": Position {
          "character": 0,
          "line": 3,
          "offset": 37,
        },
      },
      "uri": "file:///C:/Users/johnn/Development/phpintel/case/reference/references.php",
    },
    "refKind": 1,
    "scope": null,
    "type": TypeName {
      "name": "test_function1",
    },
  },
  Object {
    "location": Location {
      "range": Range {
        "end": Position {
          "character": 14,
          "line": 3,
          "offset": 51,
        },
        "start": Position {
          "character": 0,
          "line": 3,
          "offset": 37,
        },
      },
      "uri": "file:///C:/Users/johnn/Development/phpintel/case/reference/references.php",
    },
    "refKind": 1,
    "scope": null,
    "type": TypeName {
      "name": "test_function1",
    },
  },
  Object {
    "location": Location {
      "range": Range {
        "end": Position {
          "character": 14,
          "line": 3,
          "offset": 51,
        },
        "start": Position {
          "character": 0,
          "line": 3,
          "offset": 37,
        },
      },
      "uri": "file:///C:/Users/johnn/Development/phpintel/case/reference/references.php",
    },
    "refKind": 1,
    "scope": null,
    "type": TypeName {
      "name": "test_function1",
    },
  },
  Object {
    "location": Location {
      "range": Range {
        "end": Position {
          "character": 23,
          "line": 11,
          "offset": 241,
        },
        "start": Position {
          "character": 8,
          "line": 11,
          "offset": 226,
        },
      },
      "uri": "file:///C:/Users/johnn/Development/phpintel/case/reference/references.php",
    },
    "refKind": 9,
    "scope": null,
    "type": TypeName {
      "name": "ClassWithMethod",
    },
  },
  Object {
    "location": Location {
      "range": Range {
        "end": Position {
          "character": 23,
          "line": 11,
          "offset": 241,
        },
        "start": Position {
          "character": 8,
          "line": 11,
          "offset": 226,
        },
      },
      "uri": "file:///C:/Users/johnn/Development/phpintel/case/reference/references.php",
    },
    "refKind": 9,
    "scope": null,
    "type": TypeName {
      "name": "ClassWithMethod",
    },
  },
  Object {
    "location": Location {
      "range": Range {
        "end": Position {
          "character": 37,
          "line": 11,
          "offset": 255,
        },
        "start": Position {
          "character": 25,
          "line": 11,
          "offset": 243,
        },
      },
      "uri": "file:///C:/Users/johnn/Development/phpintel/case/reference/references.php",
    },
    "refKind": 10,
    "scope": TypeName {
      "name": "ClassWithMethod",
    },
    "type": TypeName {
      "name": "staticMethod",
    },
  },
  Object {
    "location": Location {
      "range": Range {
        "end": Position {
          "character": 37,
          "line": 11,
          "offset": 255,
        },
        "start": Position {
          "character": 25,
          "line": 11,
          "offset": 243,
        },
      },
      "uri": "file:///C:/Users/johnn/Development/phpintel/case/reference/references.php",
    },
    "refKind": 10,
    "scope": TypeName {
      "name": "ClassWithMethod",
    },
    "type": TypeName {
      "name": "staticMethod",
    },
  },
]
`;
