// Jest Snapshot v1, https://goo.gl/fbAQLP

exports[`variable simple variable 1`] = `
PhpDocument {
  "classConstants": Array [],
  "classes": Array [],
  "constants": Array [],
  "functions": Array [],
  "importTable": ImportTable {
    "imports": Object {},
  },
  "methods": Array [],
  "properties": Array [],
}
`;
