// Jest Snapshot v1, https://goo.gl/fbAQLP

exports[`variable simple variable 1`] = `
PhpDocument {
  "classConstants": Array [],
  "classes": Array [],
  "constants": Array [],
  "functions": Array [],
  "importTable": ImportTable {
    "imports": Object {},
    "namespace": NamespaceName {
      "parts": Array [],
    },
  },
  "methods": Array [],
  "modifiedTime": -1,
  "properties": Array [],
  "references": Array [
    SimpleVariable {
      "name": "$varName",
      "type": TypeComposite {
        "_types": Array [
          TypeName {
            "name": "string",
          },
        ],
        "existingTypes": Object {
          "string": true,
        },
      },
    },
    SimpleVariable {
      "name": "$fieldName",
      "type": TypeComposite {
        "_types": Array [],
        "existingTypes": Object {},
      },
    },
  ],
  "scopeVarStack": Array [
    ScopeVar {
      "location": Object {
        "range": Object {
          "end": 39,
          "start": 0,
        },
        "uri": "case/variable/simpleVariable.php",
      },
      "variables": Object {
        "$varName": TypeComposite {
          "_types": Array [
            TypeName {
              "name": "string",
            },
          ],
          "existingTypes": Object {
            "string": true,
          },
        },
      },
    },
  ],
  "text": "<?php
$varName = 'field_' . $fieldName;",
  "uri": "case/variable/simpleVariable.php",
}
`;
